GAMS 34.2.0  r6925a71 Released Feb  5, 2021 DEX-DEG x86 64bit/Mac OS X - 04/24/21 10:50:52 Page 1
G e n e r a l   A l g e b r a i c   M o d e l i n g   S y s t e m
C o m p i l a t i o n


   1  sets
   2      t                   time steps (15-minute resolution)           /t1*t672/
   3   
   4  parameter time_fault(t);
   7  $include data%ds%fault_time.csv
****                                $282
**** 282  Unable to open include file
  10  /
****  $409
**** 409  Unrecognizable item - skip to find a new statement
****        looking for a ';' or a key word to get started again
  11  ;
  12   
  13  display time_fault
****                   $141
**** 141  Symbol declared but no values have been assigned. Check for missing
****         data definition, assignment, data loading or implicit assignment
****         via a solve statement.
****         A wild shot: You may have spurious commas in the explanatory
****         text of a declaration. Check symbol reference list.

**** 3 ERROR(S)   0 WARNING(S)


COMPILATION TIME     =        0.012 SECONDS      3 MB  34.2.0 r6925a71 DEX-DEG


USER: Course License                                 G201230/0001AO-GEN
      University of Colorado at Boulder                         DCE1058
      License for teaching and research at degree granting institutions


**** FILE SUMMARY

Input      /Users/megatronics/Desktop/CU_Boulder/Classes/Spring_2021/PSPO/Project_2/Code/test.gms
Output     /Users/megatronics/Desktop/CU_Boulder/Classes/Spring_2021/PSPO/Project_2/Code/test.lst

**** USER ERROR(S) ENCOUNTERED
